// Jest Snapshot v1, https://goo.gl/fbAQLP

exports[`AppComponent should create the app 1`] = `
AppComponent {
  "__ngContext__": 0,
  "client": GrpcTemplateClient {
    "client_": Z {
      "a": "text",
      "b": Array [],
      "c": null,
      "f": false,
      "g": false,
      "h": Array [],
    },
    "credentials_": Object {},
    "hostname_": "",
    "methodDescriptorGetStrings": E {
      "a": "unary",
      "b": [Function],
      "c": [Function],
      "f": [Function],
      "g": [Function],
      "name": "/grpc_template.GrpcTemplate/GetStrings",
    },
    "methodDescriptorGetStringsCount": E {
      "a": "unary",
      "b": [Function],
      "c": [Function],
      "f": [Function],
      "g": [Function],
      "name": "/grpc_template.GrpcTemplate/GetStringsCount",
    },
    "methodDescriptorSaveString": E {
      "a": "unary",
      "b": [Function],
      "c": [Function],
      "f": [Function],
      "g": [Function],
      "name": "/grpc_template.GrpcTemplate/SaveString",
    },
    "options_": Object {
      "format": "text",
    },
  },
  "existingStringsCount": BehaviorSubject {
    "_value": 0,
    "closed": false,
    "currentObservers": null,
    "hasError": false,
    "isStopped": false,
    "observers": Array [],
    "thrownError": null,
  },
  "fetchingStrings": BehaviorSubject {
    "_value": true,
    "closed": false,
    "currentObservers": null,
    "hasError": false,
    "isStopped": false,
    "observers": Array [],
    "thrownError": null,
  },
  "newStringId": FormControl2 {
    "_composedAsyncValidatorFn": null,
    "_composedValidatorFn": null,
    "_hasOwnPendingAsyncValidator": false,
    "_onChange": Array [],
    "_onCollectionChange": [Function],
    "_onDisabledChange": Array [],
    "_parent": null,
    "_pendingChange": false,
    "_pendingDirty": false,
    "_pendingTouched": false,
    "_pendingValue": "",
    "_rawAsyncValidators": null,
    "_rawValidators": null,
    "defaultValue": null,
    "errors": null,
    "pristine": true,
    "status": "VALID",
    "statusChanges": EventEmitter_ {
      "__isAsync": false,
      "closed": false,
      "currentObservers": null,
      "hasError": false,
      "isStopped": false,
      "observers": Array [],
      "thrownError": null,
    },
    "touched": false,
    "value": "",
    "valueChanges": EventEmitter_ {
      "__isAsync": false,
      "closed": false,
      "currentObservers": null,
      "hasError": false,
      "isStopped": false,
      "observers": Array [],
      "thrownError": null,
    },
  },
  "newStringValue": FormControl2 {
    "_composedAsyncValidatorFn": null,
    "_composedValidatorFn": null,
    "_hasOwnPendingAsyncValidator": false,
    "_onChange": Array [],
    "_onCollectionChange": [Function],
    "_onDisabledChange": Array [],
    "_parent": null,
    "_pendingChange": false,
    "_pendingDirty": false,
    "_pendingTouched": false,
    "_pendingValue": "",
    "_rawAsyncValidators": null,
    "_rawValidators": null,
    "defaultValue": null,
    "errors": null,
    "pristine": true,
    "status": "VALID",
    "statusChanges": EventEmitter_ {
      "__isAsync": false,
      "closed": false,
      "currentObservers": null,
      "hasError": false,
      "isStopped": false,
      "observers": Array [],
      "thrownError": null,
    },
    "touched": false,
    "value": "",
    "valueChanges": EventEmitter_ {
      "__isAsync": false,
      "closed": false,
      "currentObservers": null,
      "hasError": false,
      "isStopped": false,
      "observers": Array [],
      "thrownError": null,
    },
  },
  "strings": BehaviorSubject {
    "_value": Array [],
    "closed": false,
    "currentObservers": null,
    "hasError": false,
    "isStopped": false,
    "observers": Array [],
    "thrownError": null,
  },
}
`;
